1. Connecting to the "udacity" database:
ubuntu@ip-10-2-10-76:~$ mysql -h secondary-mysql.cohena4goqqj.us-west-2.rds.amazonaws.com -P 3306 -u admin -p
Enter password: 
Welcome to the MySQL monitor.  Commands end with ; or \g.
Your MySQL connection id is 27
Server version: 8.0.32 Source distribution

Copyright (c) 2000, 2023, Oracle and/or its affiliates.

Oracle is a registered trademark of Oracle Corporation and/or its
affiliates. Other names may be trademarks of their respective
owners.

Type 'help;' or '\h' for help. Type '\c' to clear the current input statement.

2. Show all databases:
mysql> show databases;
+--------------------+
| Database           |
+--------------------+
| information_schema |
| mysql              |
| performance_schema |
| sys                |
| udacity            |
+--------------------+
5 rows in set (0.01 sec)

mysql> CREATE TABLE movies(id INT AUTO_INCREMENT, title VARCHAR(50) NOT NULL, genre VARCHAR(30) NOT NULL, director VARCHAR(60) NOT NULL, release_date INT NOT NULL, PRIMARY KEY(id));
ERROR 1046 (3D000): No database selected
mysql> use udacity;
Reading table information for completion of table and column names
You can turn off this feature to get a quicker startup with -A

Database changed
3. Create table "movies":
mysql> CREATE TABLE movies(id INT AUTO_INCREMENT, title VARCHAR(50) NOT NULL, genre VARCHAR(30) NOT NULL, director VARCHAR(60) NOT NULL, release_date INT NOT NULL, PRIMARY KEY(id));
ERROR 1290 (HY000): The MySQL server is running with the --read-only option so it cannot execute this statement

4. Insert data to table "movies":
mysql> INSERT INTO movies(title, genre, director, release_date) VALUES("The Batman", "Action", "Matt Reeves", "2022");
ERROR 1290 (HY000): The MySQL server is running with the --read-only option so it cannot execute this statement

5. Reading from table "movies":
mysql> SELECT * FROM movies;
+----+------------+--------+-------------+--------------+
| id | title      | genre  | director    | release_date |
+----+------------+--------+-------------+--------------+
|  1 | The Batman | Action | Matt Reeves |         2022 |
+----+------------+--------+-------------+--------------+
1 row in set (0.01 sec)